2025-05-08 18:36:29 weka.gui.GUIChooser main
INFO: Logging started
---Registering Weka Editors---
Trying to add database driver (JDBC): jdbc.idbDriver - Error, not in CLASSPATH?
2025-05-08 18:36:31 weka.gui.explorer.Explorer <init>
INFO: Weka Explorer
2025-05-08 18:36:31 weka.gui.explorer.Explorer <init>
INFO: (c) 1999-2015 The University of Waikato, Hamilton, New Zealand
2025-05-08 18:36:31 weka.gui.explorer.Explorer <init>
INFO: web: http://www.cs.waikato.ac.nz/~ml/weka/
2025-05-08 18:36:31 weka.gui.explorer.Explorer <init>
INFO: Started on jeudi, 8 mai 2025
2025-05-08 18:36:57 weka.gui.explorer.PreprocessPanel$15 run
INFO: Command: weka.filters.unsupervised.attribute.Remove -R 1-3,5-6,9-10
2025-05-08 18:37:42 weka.gui.explorer.ClustererPanel$12 run
INFO: Started weka.clusterers.SimpleKMeans
2025-05-08 18:37:42 weka.gui.explorer.ClustererPanel$12 run
INFO: Command: weka.clusterers.SimpleKMeans -N 4 -A "weka.core.EuclideanDistance -R first-last" -I 500 -S 10
2025-05-08 18:37:42 weka.gui.explorer.ClustererPanel$12 run
INFO: Finished weka.clusterers.SimpleKMeans
